// Jest Snapshot v1, https://goo.gl/fbAQLP

exports[`Divider Component renders correctly 1`] = `
<View
  style={
    Object {
      "borderBottomColor": "#3A3A3A",
      "borderBottomWidth": 0.5,
      "margin": 14,
    }
  }
/>
`;
