// Jest Snapshot v1, https://goo.gl/fbAQLP

exports[`Movie Component renders correctly 1`] = `<Loading />`;
