// Jest Snapshot v1, https://goo.gl/fbAQLP

exports[`App Component renders correctly 1`] = `
<ForwardRef(NavigationContainer)>
  <StatusBar
    animated={false}
    barStyle="dark-content"
    showHideTransition="fade"
  />
  <Navigation />
</ForwardRef(NavigationContainer)>
`;
