// Jest Snapshot v1, https://goo.gl/fbAQLP

exports[`Home Component renders correctly 1`] = `<Loading />`;
